Traceback (most recent call last):
  File "/home/javi/anaconda3/lib/python3.11/site-packages/myst_nb/core/execute/inline.py", line 120, in code_cell_outputs
    self._client.execute_cell(
  File "/home/javi/anaconda3/lib/python3.11/site-packages/jupyter_core/utils/__init__.py", line 165, in wrapped
    return loop.run_until_complete(inner)
           ^^^^^^^^^^^^^^^^^^^^^^^^^^^^^^
  File "/home/javi/anaconda3/lib/python3.11/asyncio/base_events.py", line 654, in run_until_complete
    return future.result()
           ^^^^^^^^^^^^^^^
  File "/home/javi/anaconda3/lib/python3.11/site-packages/nbclient/client.py", line 1058, in async_execute_cell
    await self._check_raise_for_error(cell, cell_index, exec_reply)
  File "/home/javi/anaconda3/lib/python3.11/site-packages/nbclient/client.py", line 914, in _check_raise_for_error
    raise CellExecutionError.from_cell_and_msg(cell, exec_reply_content)
nbclient.exceptions.CellExecutionError: An error occurred while executing the following cell:
------------------
# But this will give an error
iris_copy.loc[1:3,:]
------------------


[0;31m---------------------------------------------------------------------------[0m
[0;31mTypeError[0m                                 Traceback (most recent call last)
Cell [0;32mIn[41], line 2[0m
[1;32m      1[0m [38;5;66;03m# But this will give an error[39;00m
[0;32m----> 2[0m iris_copy[38;5;241m.[39mloc[[38;5;241m1[39m:[38;5;241m3[39m,:]

File [0;32m~/anaconda3/lib/python3.11/site-packages/pandas/core/indexing.py:1067[0m, in [0;36m_LocationIndexer.__getitem__[0;34m(self, key)[0m
[1;32m   1065[0m     [38;5;28;01mif[39;00m [38;5;28mself[39m[38;5;241m.[39m_is_scalar_access(key):
[1;32m   1066[0m         [38;5;28;01mreturn[39;00m [38;5;28mself[39m[38;5;241m.[39mobj[38;5;241m.[39m_get_value([38;5;241m*[39mkey, takeable[38;5;241m=[39m[38;5;28mself[39m[38;5;241m.[39m_takeable)
[0;32m-> 1067[0m     [38;5;28;01mreturn[39;00m [38;5;28mself[39m[38;5;241m.[39m_getitem_tuple(key)
[1;32m   1068[0m [38;5;28;01melse[39;00m:
[1;32m   1069[0m     [38;5;66;03m# we by definition only have the 0th axis[39;00m
[1;32m   1070[0m     axis [38;5;241m=[39m [38;5;28mself[39m[38;5;241m.[39maxis [38;5;129;01mor[39;00m [38;5;241m0[39m

File [0;32m~/anaconda3/lib/python3.11/site-packages/pandas/core/indexing.py:1256[0m, in [0;36m_LocIndexer._getitem_tuple[0;34m(self, tup)[0m
[1;32m   1253[0m [38;5;28;01mif[39;00m [38;5;28mself[39m[38;5;241m.[39m_multi_take_opportunity(tup):
[1;32m   1254[0m     [38;5;28;01mreturn[39;00m [38;5;28mself[39m[38;5;241m.[39m_multi_take(tup)
[0;32m-> 1256[0m [38;5;28;01mreturn[39;00m [38;5;28mself[39m[38;5;241m.[39m_getitem_tuple_same_dim(tup)

File [0;32m~/anaconda3/lib/python3.11/site-packages/pandas/core/indexing.py:924[0m, in [0;36m_LocationIndexer._getitem_tuple_same_dim[0;34m(self, tup)[0m
[1;32m    921[0m [38;5;28;01mif[39;00m com[38;5;241m.[39mis_null_slice(key):
[1;32m    922[0m     [38;5;28;01mcontinue[39;00m
[0;32m--> 924[0m retval [38;5;241m=[39m [38;5;28mgetattr[39m(retval, [38;5;28mself[39m[38;5;241m.[39mname)[38;5;241m.[39m_getitem_axis(key, axis[38;5;241m=[39mi)
[1;32m    925[0m [38;5;66;03m# We should never have retval.ndim < self.ndim, as that should[39;00m
[1;32m    926[0m [38;5;66;03m#  be handled by the _getitem_lowerdim call above.[39;00m
[1;32m    927[0m [38;5;28;01massert[39;00m retval[38;5;241m.[39mndim [38;5;241m==[39m [38;5;28mself[39m[38;5;241m.[39mndim

File [0;32m~/anaconda3/lib/python3.11/site-packages/pandas/core/indexing.py:1290[0m, in [0;36m_LocIndexer._getitem_axis[0;34m(self, key, axis)[0m
[1;32m   1288[0m [38;5;28;01mif[39;00m [38;5;28misinstance[39m(key, [38;5;28mslice[39m):
[1;32m   1289[0m     [38;5;28mself[39m[38;5;241m.[39m_validate_key(key, axis)
[0;32m-> 1290[0m     [38;5;28;01mreturn[39;00m [38;5;28mself[39m[38;5;241m.[39m_get_slice_axis(key, axis[38;5;241m=[39maxis)
[1;32m   1291[0m [38;5;28;01melif[39;00m com[38;5;241m.[39mis_bool_indexer(key):
[1;32m   1292[0m     [38;5;28;01mreturn[39;00m [38;5;28mself[39m[38;5;241m.[39m_getbool_axis(key, axis[38;5;241m=[39maxis)

File [0;32m~/anaconda3/lib/python3.11/site-packages/pandas/core/indexing.py:1324[0m, in [0;36m_LocIndexer._get_slice_axis[0;34m(self, slice_obj, axis)[0m
[1;32m   1321[0m     [38;5;28;01mreturn[39;00m obj[38;5;241m.[39mcopy(deep[38;5;241m=[39m[38;5;28;01mFalse[39;00m)
[1;32m   1323[0m labels [38;5;241m=[39m obj[38;5;241m.[39m_get_axis(axis)
[0;32m-> 1324[0m indexer [38;5;241m=[39m labels[38;5;241m.[39mslice_indexer(slice_obj[38;5;241m.[39mstart, slice_obj[38;5;241m.[39mstop, slice_obj[38;5;241m.[39mstep)
[1;32m   1326[0m [38;5;28;01mif[39;00m [38;5;28misinstance[39m(indexer, [38;5;28mslice[39m):
[1;32m   1327[0m     [38;5;28;01mreturn[39;00m [38;5;28mself[39m[38;5;241m.[39mobj[38;5;241m.[39m_slice(indexer, axis[38;5;241m=[39maxis)

File [0;32m~/anaconda3/lib/python3.11/site-packages/pandas/core/indexes/base.py:6559[0m, in [0;36mIndex.slice_indexer[0;34m(self, start, end, step, kind)[0m
[1;32m   6516[0m [38;5;250m[39m[38;5;124;03m"""[39;00m
[1;32m   6517[0m [38;5;124;03mCompute the slice indexer for input labels and step.[39;00m
[1;32m   6518[0m 
[0;32m   (...)[0m
[1;32m   6555[0m [38;5;124;03mslice(1, 3, None)[39;00m
[1;32m   6556[0m [38;5;124;03m"""[39;00m
[1;32m   6557[0m [38;5;28mself[39m[38;5;241m.[39m_deprecated_arg(kind, [38;5;124m"[39m[38;5;124mkind[39m[38;5;124m"[39m, [38;5;124m"[39m[38;5;124mslice_indexer[39m[38;5;124m"[39m)
[0;32m-> 6559[0m start_slice, end_slice [38;5;241m=[39m [38;5;28mself[39m[38;5;241m.[39mslice_locs(start, end, step[38;5;241m=[39mstep)
[1;32m   6561[0m [38;5;66;03m# return a slice[39;00m
[1;32m   6562[0m [38;5;28;01mif[39;00m [38;5;129;01mnot[39;00m is_scalar(start_slice):

File [0;32m~/anaconda3/lib/python3.11/site-packages/pandas/core/indexes/base.py:6767[0m, in [0;36mIndex.slice_locs[0;34m(self, start, end, step, kind)[0m
[1;32m   6765[0m start_slice [38;5;241m=[39m [38;5;28;01mNone[39;00m
[1;32m   6766[0m [38;5;28;01mif[39;00m start [38;5;129;01mis[39;00m [38;5;129;01mnot[39;00m [38;5;28;01mNone[39;00m:
[0;32m-> 6767[0m     start_slice [38;5;241m=[39m [38;5;28mself[39m[38;5;241m.[39mget_slice_bound(start, [38;5;124m"[39m[38;5;124mleft[39m[38;5;124m"[39m)
[1;32m   6768[0m [38;5;28;01mif[39;00m start_slice [38;5;129;01mis[39;00m [38;5;28;01mNone[39;00m:
[1;32m   6769[0m     start_slice [38;5;241m=[39m [38;5;241m0[39m

File [0;32m~/anaconda3/lib/python3.11/site-packages/pandas/core/indexes/base.py:6676[0m, in [0;36mIndex.get_slice_bound[0;34m(self, label, side, kind)[0m
[1;32m   6672[0m original_label [38;5;241m=[39m label
[1;32m   6674[0m [38;5;66;03m# For datetime indices label may be a string that has to be converted[39;00m
[1;32m   6675[0m [38;5;66;03m# to datetime boundary according to its resolution.[39;00m
[0;32m-> 6676[0m label [38;5;241m=[39m [38;5;28mself[39m[38;5;241m.[39m_maybe_cast_slice_bound(label, side)
[1;32m   6678[0m [38;5;66;03m# we need to look up the label[39;00m
[1;32m   6679[0m [38;5;28;01mtry[39;00m:

File [0;32m~/anaconda3/lib/python3.11/site-packages/pandas/core/indexes/base.py:6623[0m, in [0;36mIndex._maybe_cast_slice_bound[0;34m(self, label, side, kind)[0m
[1;32m   6618[0m [38;5;66;03m# We are a plain index here (sub-class override this method if they[39;00m
[1;32m   6619[0m [38;5;66;03m# wish to have special treatment for floats/ints, e.g. Float64Index and[39;00m
[1;32m   6620[0m [38;5;66;03m# datetimelike Indexes[39;00m
[1;32m   6621[0m [38;5;66;03m# reject them, if index does not contain label[39;00m
[1;32m   6622[0m [38;5;28;01mif[39;00m (is_float(label) [38;5;129;01mor[39;00m is_integer(label)) [38;5;129;01mand[39;00m label [38;5;129;01mnot[39;00m [38;5;129;01min[39;00m [38;5;28mself[39m:
[0;32m-> 6623[0m     [38;5;28;01mraise[39;00m [38;5;28mself[39m[38;5;241m.[39m_invalid_indexer([38;5;124m"[39m[38;5;124mslice[39m[38;5;124m"[39m, label)
[1;32m   6625[0m [38;5;28;01mreturn[39;00m label

[0;31mTypeError[0m: cannot do slice indexing on Index with these indexers [1] of type int

